---
source: src/book.rs
expression: book
---
title: Winnetou I
author:
  - Karl May
reader:
  - Gesine
tracks:
  - title: winnetou1_01_may_64kb
    reader:
      - Gesine
    track: 1
    disc: ~
total_tracks: 1
discs: ~
year: ~

