---
source: src/lib.rs
assertion_line: 43
expression: track
---
title: huckfinn_01_twain_apc_64kb
reader:
  - Annie Coleman Rothenberg
track: 1
disc: ~

