---
source: src/lib.rs
expression: book
---
title: winnetou1_01_may_64kb
author:
  - Karl May
reader:
  - Gesine
tracks:
  - title: winnetou1_01_may_64kb
    reader:
      - Gesine
    track: 1
    disc: ~
total_tracks: 1
discs: ~
year: ~

