---
source: src/lib.rs
assertion_line: 47
expression: track
---
title: penguin_island_01_france_64kb
reader:
  - Michael Sirois
track: 1
disc: ~

